ROUND 1 FRESH SETUP
Fresh Phase19 topology and fixture ready; initial verifier passed.
ROUND 1 START precheck
ROUND 1 END precheck EXIT 0
ROUND 1 START l1
ROUND 1 END l1 EXIT 0
ROUND 1 START l2
ROUND 1 END l2 EXIT 0
ROUND 1 START l3
ROUND 1 END l3 EXIT 0
ROUND 1 COMPLETE
ROUND 2 FRESH SETUP
Fresh Phase19 topology and fixture ready; initial verifier passed.
ROUND 2 START precheck
ROUND 2 END precheck EXIT 0
ROUND 2 START l1
ROUND 2 END l1 EXIT 0
ROUND 2 START l2
ROUND 2 END l2 EXIT 0
ROUND 2 START l3
ROUND 2 END l3 EXIT 0
ROUND 2 COMPLETE
ROUND 3 FRESH SETUP
Fresh Phase19 topology and fixture ready; initial verifier passed.
ROUND 3 START precheck
ROUND 3 END precheck EXIT 0
ROUND 3 START l1
ROUND 3 END l1 EXIT 0
ROUND 3 START l2
ROUND 3 END l2 EXIT 0
ROUND 3 START l3
ROUND 3 END l3 EXIT 0
ROUND 3 COMPLETE
THREE INDEPENDENT SEQUENCES COMPLETE
