
 RUN  v4.1.11 C:/Users/a12/AppData/Local/Temp/phase19-global-polling-mixed-load/frontend

 ❯ tests/phase19.auth-http.test.ts (1 test | 1 failed) 212ms
   × anonymous cleanup 401 preserves the active login credential error 211ms

⎯⎯⎯⎯⎯⎯⎯ Failed Tests 1 ⎯⎯⎯⎯⎯⎯⎯

 FAIL  tests/phase19.auth-http.test.ts > anonymous cleanup 401 preserves the active login credential error
AssertionError: expected AxiosError: Unauthorized { …(5) } to match object { code: 'INVALID_CREDENTIALS' }
(29 matching properties omitted from actual)

- Expected
+ Received

- {
-   "code": "INVALID_CREDENTIALS",
+ AxiosError {
+   "code": "ERR_BAD_REQUEST",
  }

 ❯ tests/phase19.auth-http.test.ts:12:45
     10|     throw new axios.AxiosError('Unauthorized','ERR_BAD_REQUEST',config…
     11|   }
     12|   await expect(ticketApi.login('a','wrong')).rejects.toMatchObject({co…
       |                                             ^
     13| })
     14|

⎯⎯⎯⎯⎯⎯⎯⎯⎯⎯⎯⎯⎯⎯⎯⎯⎯⎯⎯⎯⎯⎯⎯⎯[1/1]⎯


 Test Files  1 failed (1)
      Tests  1 failed (1)
   Start at  01:05:44
   Duration  836ms (transform 130ms, setup 20ms, import 117ms, tests 212ms, environment 311ms)

