
 RUN  v4.1.11 C:/Users/a12/AppData/Local/Temp/phase19-global-polling-mixed-load/frontend

 ❯ tests/phase19.auth-http.test.ts (1 test | 1 failed) 199ms
   × anonymous cleanup 401 preserves the active login credential error 198ms

⎯⎯⎯⎯⎯⎯⎯ Failed Tests 1 ⎯⎯⎯⎯⎯⎯⎯

 FAIL  tests/phase19.auth-http.test.ts > anonymous cleanup 401 preserves the active login credential error
AssertionError: expected TicketApiError: Authentication required { …(3) } to match object { code: 'INVALID_CREDENTIALS' }
(3 matching properties omitted from actual)

- Expected
+ Received

- {
-   "code": "INVALID_CREDENTIALS",
+ TicketApiError {
+   "code": "UNAUTHENTICATED",
  }

 ❯ tests/phase19.auth-http.test.ts:12:45
     10|     throw new axios.AxiosError('Unauthorized','ERR_BAD_REQUEST',config…
     11|   }
     12|   await expect(ticketApi.login('a','wrong')).rejects.toMatchObject({co…
       |                                             ^
     13| })
     14|

⎯⎯⎯⎯⎯⎯⎯⎯⎯⎯⎯⎯⎯⎯⎯⎯⎯⎯⎯⎯⎯⎯⎯⎯[1/1]⎯


 Test Files  1 failed (1)
      Tests  1 failed (1)
   Start at  01:06:45
   Duration  764ms (transform 134ms, setup 20ms, import 99ms, tests 199ms, environment 301ms)

