1:C 12 Sep 2026 19:36:22.166 * oO0OoO0OoO0Oo Redis is starting oO0OoO0OoO0Oo
1:C 12 Sep 2026 19:36:22.166 * Redis version=7.4.11, bits=64, commit=00000000, modified=0, pid=1, just started
1:C 12 Sep 2026 19:36:22.166 # Warning: no config file specified, using the default config. In order to specify a config file use redis-server /path/to/redis.conf
1:M 12 Sep 2026 19:36:22.167 # You requested maxclients of 10000 requiring at least 10032 max file descriptors.
1:M 12 Sep 2026 19:36:22.167 # Server can't set maximum open files to 10032 because of OS error: Operation not permitted.
1:M 12 Sep 2026 19:36:22.167 # Current maximum open files is 4096. maxclients has been reduced to 4064 to compensate for low ulimit. If you need higher maxclients increase 'ulimit -n'.
1:M 12 Sep 2026 19:36:22.167 * monotonic clock: POSIX clock_gettime
1:M 12 Sep 2026 19:36:22.167 * Running mode=standalone, port=6379.
1:M 12 Sep 2026 19:36:22.167 * Server initialized
1:M 12 Sep 2026 19:36:22.167 * Ready to accept connections tcp
1:M 12 Sep 2026 19:37:44.057 * 10000 changes in 60 seconds. Saving...
1:M 12 Sep 2026 19:37:44.058 * Background saving started by pid 34
34:C 12 Sep 2026 19:37:44.069 * DB saved on disk
34:C 12 Sep 2026 19:37:44.069 * Fork CoW for RDB: current 0 MB, peak 0 MB, average 0 MB
1:M 12 Sep 2026 19:37:44.159 * Background saving terminated with success
1:M 12 Sep 2026 19:38:45.026 * 10000 changes in 60 seconds. Saving...
1:M 12 Sep 2026 19:38:45.026 * Background saving started by pid 71
71:C 12 Sep 2026 19:38:45.045 * DB saved on disk
71:C 12 Sep 2026 19:38:45.046 * Fork CoW for RDB: current 0 MB, peak 0 MB, average 0 MB
1:M 12 Sep 2026 19:38:45.127 * Background saving terminated with success