1:C 13 Sep 2026 03:19:15.095 * oO0OoO0OoO0Oo Redis is starting oO0OoO0OoO0Oo
1:C 13 Sep 2026 03:19:15.095 * Redis version=7.4.11, bits=64, commit=00000000, modified=0, pid=1, just started
1:C 13 Sep 2026 03:19:15.095 # Warning: no config file specified, using the default config. In order to specify a config file use redis-server /path/to/redis.conf
1:M 13 Sep 2026 03:19:15.096 # You requested maxclients of 10000 requiring at least 10032 max file descriptors.
1:M 13 Sep 2026 03:19:15.096 # Server can't set maximum open files to 10032 because of OS error: Operation not permitted.
1:M 13 Sep 2026 03:19:15.096 # Current maximum open files is 4096. maxclients has been reduced to 4064 to compensate for low ulimit. If you need higher maxclients increase 'ulimit -n'.
1:M 13 Sep 2026 03:19:15.096 * monotonic clock: POSIX clock_gettime
1:M 13 Sep 2026 03:19:15.096 * Running mode=standalone, port=6379.
1:M 13 Sep 2026 03:19:15.097 * Server initialized
1:M 13 Sep 2026 03:19:15.097 * Ready to accept connections tcp
1:M 13 Sep 2026 03:25:56.245 * 100 changes in 300 seconds. Saving...
1:M 13 Sep 2026 03:25:56.245 * Background saving started by pid 34
34:C 13 Sep 2026 03:25:56.255 * DB saved on disk
34:C 13 Sep 2026 03:25:56.255 * Fork CoW for RDB: current 1 MB, peak 1 MB, average 0 MB
1:M 13 Sep 2026 03:25:56.346 * Background saving terminated with success
1:M 13 Sep 2026 03:26:57.058 * 10000 changes in 60 seconds. Saving...
1:M 13 Sep 2026 03:26:57.059 * Background saving started by pid 70
70:C 13 Sep 2026 03:26:57.078 * DB saved on disk
70:C 13 Sep 2026 03:26:57.078 * Fork CoW for RDB: current 0 MB, peak 0 MB, average 0 MB
1:M 13 Sep 2026 03:26:57.160 * Background saving terminated with success