
> frontend@0.0.0 build
> vue-tsc -b && vite build

vite v8.2.2 building client environment for production...
transforming...
✓ 1971 modules transformed.
rendering chunks...
computing gzip size...
dist/index.html                                 1.04 kB │ gzip:  0.60 kB
dist/assets/adminApi-BzpU8YTP.css               2.40 kB │ gzip:  0.90 kB
dist/assets/index-BEyvCYky.css                 30.54 kB │ gzip:  6.91 kB
dist/assets/adminDateTime-D-syJO9q.js           0.80 kB │ gzip:  0.50 kB
dist/assets/AdminEventListPage-UMoHOEb6.js      1.26 kB │ gzip:  0.73 kB
dist/assets/AdminVenueListPage-BjbLCKyw.js      1.38 kB │ gzip:  0.83 kB
dist/assets/adminApi-Bm60pbRx.js                2.98 kB │ gzip:  1.56 kB
dist/assets/WaitingRoomPage-CKTTHFaI.js         4.29 kB │ gzip:  2.12 kB
dist/assets/AdminVenueEditorPage-B0sjFImK.js    5.31 kB │ gzip:  2.12 kB
dist/assets/AdminEventEditorPage-avsH-LXi.js   12.55 kB │ gzip:  4.85 kB
dist/assets/index-BS3ReRXe.js                 127.27 kB │ gzip: 43.12 kB
dist/assets/ticketApi-5j9eQMqE.js             134.42 kB │ gzip: 49.92 kB

✓ built in 5.76s
