/\      Grafana   /‾‾/  
    /\  /  \     |\  __   /  /   
   /  \/    \    | |/ /  /   ‾‾\ 
  /          \   |   (  |  (‾)  |
 / __________ \  |_|\_\  \_____/ 


     execution: local
        script: /protocol/k6.js
        output: -

     scenarios: (100.00%) 1 scenario, 8 max VUs, 45s max duration (incl. graceful stop):
              * idle: 8.00 iterations/s for 15s (maxVUs: 4-8, gracefulStop: 30s)


running (01.0s), 0/4 VUs, 8 complete and 0 interrupted iterations
idle   [   6% ] 0/4 VUs  01.0s/15s  8.00 iters/s

running (02.0s), 0/4 VUs, 16 complete and 0 interrupted iterations
idle   [  13% ] 0/4 VUs  02.0s/15s  8.00 iters/s

running (03.0s), 0/4 VUs, 24 complete and 0 interrupted iterations
idle   [  20% ] 0/4 VUs  03.0s/15s  8.00 iters/s

running (04.0s), 0/4 VUs, 32 complete and 0 interrupted iterations
idle   [  26% ] 0/4 VUs  04.0s/15s  8.00 iters/s

running (05.0s), 0/4 VUs, 40 complete and 0 interrupted iterations
idle   [  33% ] 0/4 VUs  05.0s/15s  8.00 iters/s

running (06.0s), 0/4 VUs, 48 complete and 0 interrupted iterations
idle   [  40% ] 0/4 VUs  06.0s/15s  8.00 iters/s

running (07.0s), 0/4 VUs, 56 complete and 0 interrupted iterations
idle   [  46% ] 0/4 VUs  07.0s/15s  8.00 iters/s

running (08.0s), 0/4 VUs, 64 complete and 0 interrupted iterations
idle   [  53% ] 0/4 VUs  08.0s/15s  8.00 iters/s

running (09.0s), 0/4 VUs, 72 complete and 0 interrupted iterations
idle   [  60% ] 0/4 VUs  09.0s/15s  8.00 iters/s

running (10.0s), 0/4 VUs, 80 complete and 0 interrupted iterations
idle   [  66% ] 0/4 VUs  10.0s/15s  8.00 iters/s

running (11.0s), 0/4 VUs, 88 complete and 0 interrupted iterations
idle   [  73% ] 0/4 VUs  11.0s/15s  8.00 iters/s

running (12.0s), 0/4 VUs, 96 complete and 0 interrupted iterations
idle   [  80% ] 0/4 VUs  12.0s/15s  8.00 iters/s

running (13.0s), 0/4 VUs, 104 complete and 0 interrupted iterations
idle   [  86% ] 0/4 VUs  13.0s/15s  8.00 iters/s

running (14.0s), 0/4 VUs, 112 complete and 0 interrupted iterations
idle   [  93% ] 0/4 VUs  14.0s/15s  8.00 iters/s

running (15.0s), 0/4 VUs, 120 complete and 0 interrupted iterations
idle   [ 100% ] 0/4 VUs  15.0s/15s  8.00 iters/s

running (15.0s), 0/4 VUs, 121 complete and 0 interrupted iterations
idle ✓ [ 100% ] 0/4 VUs  15s  8.00 iters/s