1:C 12 Sep 2026 12:16:56.558 * oO0OoO0OoO0Oo Redis is starting oO0OoO0OoO0Oo
1:C 12 Sep 2026 12:16:56.558 * Redis version=7.4.11, bits=64, commit=00000000, modified=0, pid=1, just started
1:C 12 Sep 2026 12:16:56.558 # Warning: no config file specified, using the default config. In order to specify a config file use redis-server /path/to/redis.conf
1:M 12 Sep 2026 12:16:56.558 # You requested maxclients of 10000 requiring at least 10032 max file descriptors.
1:M 12 Sep 2026 12:16:56.558 # Server can't set maximum open files to 10032 because of OS error: Operation not permitted.
1:M 12 Sep 2026 12:16:56.558 # Current maximum open files is 4096. maxclients has been reduced to 4064 to compensate for low ulimit. If you need higher maxclients increase 'ulimit -n'.
1:M 12 Sep 2026 12:16:56.558 * monotonic clock: POSIX clock_gettime
1:M 12 Sep 2026 12:16:56.560 * Running mode=standalone, port=6379.
1:M 12 Sep 2026 12:16:56.561 * Server initialized
1:M 12 Sep 2026 12:16:56.561 * Ready to accept connections tcp
1:M 12 Sep 2026 12:17:57.076 * 10000 changes in 60 seconds. Saving...
1:M 12 Sep 2026 12:17:57.076 * Background saving started by pid 46
46:C 12 Sep 2026 12:17:57.087 * DB saved on disk
46:C 12 Sep 2026 12:17:57.087 * Fork CoW for RDB: current 0 MB, peak 0 MB, average 0 MB
1:M 12 Sep 2026 12:17:57.177 * Background saving terminated with success
1:M 12 Sep 2026 12:18:58.011 * 10000 changes in 60 seconds. Saving...
1:M 12 Sep 2026 12:18:58.012 * Background saving started by pid 71
71:C 12 Sep 2026 12:18:58.034 * DB saved on disk
71:C 12 Sep 2026 12:18:58.035 * Fork CoW for RDB: current 0 MB, peak 0 MB, average 0 MB
1:M 12 Sep 2026 12:18:58.113 * Background saving terminated with success