
> frontend@0.0.0 build
> vue-tsc -b && vite build

vite v8.2.2 building client environment for production...
transforming...
✓ 1969 modules transformed.
rendering chunks...
computing gzip size...
dist/index.html                                 1.04 kB │ gzip:  0.60 kB
dist/assets/adminApi-BzpU8YTP.css               2.40 kB │ gzip:  0.90 kB
dist/assets/index-BEyvCYky.css                 30.54 kB │ gzip:  6.91 kB
dist/assets/adminDateTime-D-syJO9q.js           0.80 kB │ gzip:  0.50 kB
dist/assets/AdminEventListPage-D5d2504y.js      1.26 kB │ gzip:  0.73 kB
dist/assets/AdminVenueListPage-DuGPH_zx.js      1.38 kB │ gzip:  0.82 kB
dist/assets/adminApi-DeMyqPff.js                2.98 kB │ gzip:  1.56 kB
dist/assets/WaitingRoomPage-ChiGHCwb.js         4.28 kB │ gzip:  2.12 kB
dist/assets/AdminVenueEditorPage-DLSGq5zi.js    5.31 kB │ gzip:  2.12 kB
dist/assets/AdminEventEditorPage-CS6QWTcw.js   12.55 kB │ gzip:  4.86 kB
dist/assets/index-DKwArKQ5.js                 121.28 kB │ gzip: 41.08 kB
dist/assets/ticketApi-BQTuzonp.js             133.64 kB │ gzip: 49.64 kB

✓ built in 4.18s
