{
  "metricSummaryAvailable": true,
  "rawPointsFormat": "gzip JSONL; native k6 lossless export",
  "valid": true,
  "diagnostic": false,
  "reason": null,
  "exitCode": 0,
  "observerErrors": [],
  "startedIterations": 62347,
  "completedBusinessIterations": 62347,
  "k6CompletedIterations": 62347,
  "interruptedIterations": 0,
  "droppedIterations": 0,
  "httpRequestCount": 65988,
  "cursorAdvances": 12001,
  "initializedActiveVUs": 200,
  "endedUtc": "2026-09-14T02:46:28.488245+00:00",
  "rawPointsSha256": "ab672709de713b1eb3c2ac28eeaf35a7df090a8875d9cccb0204b7c313be9e30",
  "rawPointsBytes": 15220344,
  "inventoryChanges": {
    "formalGenerated": 856,
    "formalProjected": 856,
    "allStreamEntriesAdded": 5977,
    "temporaryVisibleEntriesAdded": 5121,
    "streamEntriesBySessionZone": {
      "phase19-session-001-001/Zone-0": 0,
      "phase19-session-001-001/Zone-1": 0,
      "phase19-session-001-001/Zone-2": 0,
      "phase19-session-001-001/Zone-3": 0,
      "phase19-session-001-001/Zone-4": 0,
      "phase19-session-001-002/Zone-0": 5977,
      "phase19-session-001-002/Zone-1": 0,
      "phase19-session-001-002/Zone-2": 0,
      "phase19-session-001-002/Zone-3": 0,
      "phase19-session-001-002/Zone-4": 0,
      "phase19-session-001-003/Zone-0": 0,
      "phase19-session-001-003/Zone-1": 0,
      "phase19-session-001-003/Zone-2": 0,
      "phase19-session-001-003/Zone-3": 0,
      "phase19-session-001-003/Zone-4": 0,
      "phase19-session-001-004/Zone-0": 0,
      "phase19-session-001-004/Zone-1": 0,
      "phase19-session-001-004/Zone-2": 0,
      "phase19-session-001-004/Zone-3": 0,
      "phase19-session-001-004/Zone-4": 0,
      "phase19-session-001-005/Zone-0": 0,
      "phase19-session-001-005/Zone-1": 0,
      "phase19-session-001-005/Zone-2": 0,
      "phase19-session-001-005/Zone-3": 0,
      "phase19-session-001-005/Zone-4": 0
    },
    "generationsUnchanged": true,
    "scope": "entire point including drain and separately logged cleanup; not just observe window"
  },
  "accounting": {
    "planned": {
      "readerIterationsNominal": 60000,
      "writerFlowsNominal": 2142.8571428571427,
      "bootstrapSnapshots": 200
    },
    "startedByKind": {
      "bootstrap": 200,
      "read": 60004,
      "abandon": 1073,
      "adjust": 428,
      "cancel": 428,
      "expiry": 214
    },
    "completedByKind": {
      "bootstrap": 200,
      "read": 60004,
      "abandon": 1073,
      "adjust": 428,
      "cancel": 428,
      "expiry": 214
    },
    "startedByScenario": {
      "bootstrap": 200,
      "readers0": 6000,
      "writers": 2143,
      "readers1": 6001,
      "readers2": 6000,
      "readers3": 6001,
      "readers4": 6000,
      "readers5": 6000,
      "readers6": 6000,
      "readers7": 6001,
      "readers8": 6001,
      "readers9": 6000
    },
    "errors": [],
    "boundaryRule": "retain nominal plan; constant arrival can schedule one additional boundary iteration per stream"
  }
}
