
         /\      Grafana   /‾‾/
    /\  /  \     |\  __   /  /
   /  \/    \    | |/ /  /   ‾‾\
  /          \   |   (  |  (‾)  |
 / __________ \  |_|\_\  \_____/


     execution: local
        script: /evidence/availability.js
        output: -

     scenarios: (100.00%) 1 scenario, 100 max VUs, 50s max duration (incl. graceful stop):
              * availability: 200.00 iterations/s for 20s (maxVUs: 100, gracefulStop: 30s)


running (01.0s), 056/100 VUs, 140 complete and 0 interrupted iterations
availability   [   5% ] 056/100 VUs  01.0s/20s  200.00 iters/s

running (02.0s), 100/100 VUs, 284 complete and 0 interrupted iterations
availability   [  10% ] 100/100 VUs  02.0s/20s  200.00 iters/s

running (03.0s), 082/100 VUs, 462 complete and 0 interrupted iterations
availability   [  15% ] 082/100 VUs  03.0s/20s  200.00 iters/s

running (04.0s), 072/100 VUs, 630 complete and 0 interrupted iterations
availability   [  20% ] 072/100 VUs  04.0s/20s  200.00 iters/s

running (05.0s), 081/100 VUs, 784 complete and 0 interrupted iterations
availability   [  25% ] 081/100 VUs  05.0s/20s  200.00 iters/s

running (06.0s), 090/100 VUs, 942 complete and 0 interrupted iterations
availability   [  30% ] 090/100 VUs  06.0s/20s  200.00 iters/s

running (07.0s), 087/100 VUs, 1112 complete and 0 interrupted iterations
availability   [  35% ] 087/100 VUs  07.0s/20s  200.00 iters/s

running (08.0s), 100/100 VUs, 1246 complete and 0 interrupted iterations
availability   [  40% ] 100/100 VUs  08.0s/20s  200.00 iters/s

running (09.0s), 078/100 VUs, 1408 complete and 0 interrupted iterations
availability   [  45% ] 078/100 VUs  09.0s/20s  200.00 iters/s

running (10.0s), 085/100 VUs, 1573 complete and 0 interrupted iterations
availability   [  50% ] 085/100 VUs  10.0s/20s  200.00 iters/s

running (11.0s), 100/100 VUs, 1719 complete and 0 interrupted iterations
availability   [  55% ] 100/100 VUs  11.0s/20s  200.00 iters/s

running (12.0s), 088/100 VUs, 1893 complete and 0 interrupted iterations
availability   [  60% ] 088/100 VUs  12.0s/20s  200.00 iters/s

running (13.0s), 077/100 VUs, 2068 complete and 0 interrupted iterations
availability   [  65% ] 077/100 VUs  13.0s/20s  200.00 iters/s

running (14.0s), 094/100 VUs, 2215 complete and 0 interrupted iterations
availability   [  70% ] 094/100 VUs  14.0s/20s  200.00 iters/s

running (15.0s), 080/100 VUs, 2391 complete and 0 interrupted iterations
availability   [  75% ] 080/100 VUs  15.0s/20s  200.00 iters/s

running (16.0s), 092/100 VUs, 2539 complete and 0 interrupted iterations
availability   [  80% ] 092/100 VUs  16.0s/20s  200.00 iters/s

running (17.0s), 082/100 VUs, 2717 complete and 0 interrupted iterations
availability   [  85% ] 082/100 VUs  17.0s/20s  200.00 iters/s

running (18.0s), 100/100 VUs, 2854 complete and 0 interrupted iterations
availability   [  90% ] 100/100 VUs  18.0s/20s  200.00 iters/s

running (19.0s), 073/100 VUs, 3024 complete and 0 interrupted iterations
availability   [  95% ] 073/100 VUs  19.0s/20s  200.00 iters/s

running (20.0s), 087/100 VUs, 3172 complete and 0 interrupted iterations
availability   [ 100% ] 087/100 VUs  20.0s/20s  200.00 iters/s

running (20.5s), 000/100 VUs, 3264 complete and 0 interrupted iterations
availability ✓ [ 100% ] 000/100 VUs  20s  200.00 iters/s
time="2026-09-11T16:53:07Z" level=warning msg="Insufficient VUs, reached 100 active VUs and cannot initialize more" executor=constant-arrival-rate scenario=availability
time="2026-09-11T16:53:29Z" level=error msg="thresholds on metrics 'checks, dropped_iterations, http_req_failed, phase16_system_errors' have been crossed"
