 Network phase19-authfix-overload_default Creating 
 Network phase19-authfix-overload_default Creating 
 Network phase19-authfix-overload_default Created 
 Network phase19-authfix-overload_default Created 
 Container phase19-authfix-overload-redis-1 Creating 
 Container phase19-authfix-overload-fake-stripe-1 Creating 
 Container phase19-authfix-overload-postgres-1 Creating 
 Container phase19-authfix-overload-fake-stripe-1 Created 
 Container phase19-authfix-overload-redis-1 Created 
 Container phase19-authfix-overload-postgres-1 Created 
 Container phase19-authfix-overload-backend-1 Creating 
 Container phase19-authfix-overload-backend-1 Created 
 Container phase19-authfix-overload-fake-stripe-1 Starting 
 Container phase19-authfix-overload-redis-1 Starting 
 Container phase19-authfix-overload-postgres-1 Starting 
 Container phase19-authfix-overload-redis-1 Started 
 Container phase19-authfix-overload-fake-stripe-1 Started 
 Container phase19-authfix-overload-postgres-1 Started 
 Container phase19-authfix-overload-postgres-1 Waiting 
 Container phase19-authfix-overload-postgres-1 Healthy 
 Container phase19-authfix-overload-backend-1 Starting 
 Container phase19-authfix-overload-backend-1 Started 
