{
  "metricSummaryAvailable": true,
  "rawPointsFormat": "gzip JSONL; native k6 lossless export",
  "valid": false,
  "diagnostic": false,
  "reason": null,
  "exitCode": 99,
  "observerErrors": [],
  "startedIterations": 41595,
  "completedBusinessIterations": 41559,
  "k6CompletedIterations": 41567,
  "interruptedIterations": 28,
  "droppedIterations": 0,
  "httpRequestCount": 43965,
  "cursorAdvances": 8395,
  "initializedActiveVUs": 200,
  "endedUtc": "2026-09-14T02:38:24.669255+00:00",
  "rawPointsSha256": "419d5b2b587c581092af04c29244019214a946e3eeca6bd297d6e8d7a3afb49f",
  "rawPointsBytes": 10162106,
  "inventoryChanges": {
    "formalGenerated": 570,
    "formalProjected": 570,
    "allStreamEntriesAdded": 3950,
    "temporaryVisibleEntriesAdded": 3380,
    "streamEntriesBySessionZone": {
      "phase19-session-001-001/Zone-0": 0,
      "phase19-session-001-001/Zone-1": 0,
      "phase19-session-001-001/Zone-2": 0,
      "phase19-session-001-001/Zone-3": 0,
      "phase19-session-001-001/Zone-4": 0,
      "phase19-session-001-002/Zone-0": 3950,
      "phase19-session-001-002/Zone-1": 0,
      "phase19-session-001-002/Zone-2": 0,
      "phase19-session-001-002/Zone-3": 0,
      "phase19-session-001-002/Zone-4": 0,
      "phase19-session-001-003/Zone-0": 0,
      "phase19-session-001-003/Zone-1": 0,
      "phase19-session-001-003/Zone-2": 0,
      "phase19-session-001-003/Zone-3": 0,
      "phase19-session-001-003/Zone-4": 0,
      "phase19-session-001-004/Zone-0": 0,
      "phase19-session-001-004/Zone-1": 0,
      "phase19-session-001-004/Zone-2": 0,
      "phase19-session-001-004/Zone-3": 0,
      "phase19-session-001-004/Zone-4": 0,
      "phase19-session-001-005/Zone-0": 0,
      "phase19-session-001-005/Zone-1": 0,
      "phase19-session-001-005/Zone-2": 0,
      "phase19-session-001-005/Zone-3": 0,
      "phase19-session-001-005/Zone-4": 0
    },
    "generationsUnchanged": true,
    "scope": "entire point including drain and separately logged cleanup; not just observe window"
  },
  "accounting": {
    "planned": {
      "readerIterationsNominal": 60000,
      "writerFlowsNominal": 2142.8571428571427,
      "bootstrapSnapshots": 200
    },
    "startedByKind": {
      "bootstrap": 200,
      "read": 39967,
      "abandon": 715,
      "adjust": 286,
      "cancel": 285,
      "expiry": 142
    },
    "completedByKind": {
      "bootstrap": 200,
      "read": 39959,
      "abandon": 715,
      "adjust": 286,
      "cancel": 285,
      "expiry": 114
    },
    "startedByScenario": {
      "bootstrap": 200,
      "readers0": 3997,
      "readers1": 3997,
      "writers": 1428,
      "readers2": 3997,
      "readers3": 3997,
      "readers4": 3997,
      "readers5": 3997,
      "readers6": 3997,
      "readers7": 3996,
      "readers8": 3996,
      "readers9": 3996
    },
    "errors": [
      "business kinds did not conserve started/completed",
      "reader arrival stream 0 differs from plan",
      "reader arrival stream 1 differs from plan",
      "reader arrival stream 2 differs from plan",
      "reader arrival stream 3 differs from plan",
      "reader arrival stream 4 differs from plan",
      "reader arrival stream 5 differs from plan",
      "reader arrival stream 6 differs from plan",
      "reader arrival stream 7 differs from plan",
      "reader arrival stream 8 differs from plan",
      "reader arrival stream 9 differs from plan",
      "writer arrival differs from plan"
    ],
    "boundaryRule": "retain nominal plan; constant arrival can schedule one additional boundary iteration per stream"
  }
}
