test_schedule_publication_failure_isolated (__main__.AdmissionDependencyIsolation) ... FAIL
test_scheduler_failure_isolated (__main__.AdmissionDependencyIsolation) ... FAIL

======================================================================
FAIL: test_schedule_publication_failure_isolated (__main__.AdmissionDependencyIsolation)
----------------------------------------------------------------------
Traceback (most recent call last):
  File "<PHASE19_WORKTREE>\backend\tests\phase19_admission_dependency_test.py", line 71, in test_schedule_publication_failure_isolated
    self.check_failure('zadd')
  File "<PHASE19_WORKTREE>\backend\tests\phase19_admission_dependency_test.py", line 59, in check_failure
    self.assertEqual(status, 200, body)
AssertionError: 503 != 200 : {'code': 'ADMISSION_UNAVAILABLE', 'message': 'ADMISSION_UNAVAILABLE'}

======================================================================
FAIL: test_scheduler_failure_isolated (__main__.AdmissionDependencyIsolation)
----------------------------------------------------------------------
Traceback (most recent call last):
  File "<PHASE19_WORKTREE>\backend\tests\phase19_admission_dependency_test.py", line 74, in test_scheduler_failure_isolated
    self.check_failure('zrangebyscore')
  File "<PHASE19_WORKTREE>\backend\tests\phase19_admission_dependency_test.py", line 59, in check_failure
    self.assertEqual(status, 200, body)
AssertionError: 503 != 200 : {'code': 'ADMISSION_UNAVAILABLE', 'message': 'ADMISSION_UNAVAILABLE'}

----------------------------------------------------------------------
Ran 2 tests in 6.664s

FAILED (failures=2)
