[PASS] offline session /auth/me: HTTP 200, userId=perf-user-000001
........................................................................................................................................................................................................................F..........F.............
+ verify-observability (attempt 1/3)
Observability stack has not converged yet; retrying in 5 seconds.
+ verify-observability (attempt 2/3)
+ verify-observability (attempt 1/2)
Observability stack has not converged yet; retrying in 0 seconds.
+ verify-observability (attempt 2/2)
Compose project: ticketing-phase10a
Performance volumes selected for deletion:
  - ticketing_phase10a_postgres_data
Dataset profile after rebuild: smoke
DRY RUN: no files, containers, or volumes were changed; pass --yes to execute.
======================================================================
FAIL: test_fixed_runtime_configuration (test_seat_map_capacity.CapacityTests)
----------------------------------------------------------------------
Traceback (most recent call last):
  File "D:\Documents\vscode\high-concurrency-ticketing-system-phase18\performance\tests\test_seat_map_capacity.py", line 26, in test_fixed_runtime_configuration
    with self.assertRaises(RuntimeError): capacity.validate_config(changed)
AssertionError: RuntimeError not raised

======================================================================
FAIL: test_diagnostics_do_not_change_pools_or_business_semantics (test_seat_map_diagnosis.DiagnosisTests)
----------------------------------------------------------------------
Traceback (most recent call last):
  File "D:\Documents\vscode\high-concurrency-ticketing-system-phase18\performance\tests\test_seat_map_diagnosis.py", line 124, in test_diagnostics_do_not_change_pools_or_business_semantics
    self.assertEqual([item["number_of_connections"] for item in config["redis_clients"]], [2, 2])
AssertionError: Lists differ: [2, 2, 2] != [2, 2]

First list contains 1 additional elements.
First extra element 2:
2

- [2, 2, 2]
?     ---

+ [2, 2]

----------------------------------------------------------------------
Ran 241 tests in 7.142s

FAILED (failures=2)
