 Network phase19-authfix-financial_default Creating 
 Network phase19-authfix-financial_default Creating 
 Network phase19-authfix-financial_default Created 
 Network phase19-authfix-financial_default Created 
 Container phase19-authfix-financial-redis-1 Creating 
 Container phase19-authfix-financial-fake-stripe-1 Creating 
 Container phase19-authfix-financial-postgres-1 Creating 
 Container phase19-authfix-financial-redis-1 Created 
 Container phase19-authfix-financial-fake-stripe-1 Created 
 Container phase19-authfix-financial-postgres-1 Created 
 Container phase19-authfix-financial-backend-1 Creating 
 Container phase19-authfix-financial-backend-1 Created 
 Container phase19-authfix-financial-postgres-1 Starting 
 Container phase19-authfix-financial-fake-stripe-1 Starting 
 Container phase19-authfix-financial-redis-1 Starting 
 Container phase19-authfix-financial-redis-1 Started 
 Container phase19-authfix-financial-fake-stripe-1 Started 
 Container phase19-authfix-financial-postgres-1 Started 
 Container phase19-authfix-financial-postgres-1 Waiting 
 Container phase19-authfix-financial-postgres-1 Healthy 
 Container phase19-authfix-financial-backend-1 Starting 
 Container phase19-authfix-financial-backend-1 Started 
